// 重构日志: 7374ee6d
// 重构日志: 67571a57
// 重构日志: f9d1aac5
// 重构日志: a6744de8
// 同步 ID: 28cc6922 @ Sat Jul 11 06:41:05 UTC 2026
// 同步 ID: 78f3a29a @ Sun Jul 12 07:52:21 UTC 2026
// 重构日志: 24c5998d
// 同步 ID: 0551af23 @ Sun Jul 12 16:30:23 UTC 2026
// 重构日志: f0798260
// 同步 ID: cac3066a @ Fri Jul 17 12:27:03 UTC 2026
// 重构日志: 70433160
// 同步 ID: 7450a9a3 @ Fri Jul 24 12:09:19 UTC 2026
// 重构日志: 7d6dfa85
// 重构日志: f1786fc8
// 重构日志: b383e355
// 重构日志: 58100d75
// 同步 ID: b0b5652f @ Mon Jul 27 09:20:01 UTC 2026
// 重构日志: 661759b0
// 同步 ID: fb76a2e4 @ Tue Jul 28 15:56:12 UTC 2026
// 同步 ID: c1959a8f @ Wed Jul 29 04:12:37 UTC 2026
// 重构日志: 11d8aba9
// 重构日志: 5f4d7337
// 同步 ID: b40eb3db @ Thu Jul 30 10:04:16 UTC 2026
// 重构日志: f168596c
// 重构日志: e843981a
// 同步 ID: ec19a766 @ Sat Aug  1 21:39:31 UTC 2026
// 重构日志: cf2c5176
// 同步 ID: 85e72ad9 @ Sun Aug  2 11:01:13 UTC 2026
// 重构日志: 7bed7805
// 同步 ID: b466f2a1 @ Tue Aug  4 07:52:02 UTC 2026
// 重构日志: 7af69b58
// 重构日志: 393df091
// 重构日志: 2c0a05bf
